2026-10-09T02:28:05Z
command: env CLASHER_ROOT=/mpac/sdicks02/jobs/clasher/live-selection-review-20261009-r1 PYTHONPATH=/mpac/sdicks02/jobs/clasher/live-selection-review-20261009-r1/src:/mpac/sdicks02/jobs/clasher/live-selection-review-20261009-r1/engine-rs:/mpac/sdicks02/jobs/clasher/live-selection-review-20261009-r1/tests/live_v4 CUDA_VISIBLE_DEVICES= RAYON_NUM_THREADS=1 OMP_NUM_THREADS=1 MKL_NUM_THREADS=1 nice -n 19 /mpac/sdicks02/envs/clasher-gpu/bin/python -B -m unittest test_selection test_selection_review test_perf_fixes.AdapterTests test_runtime.PerceptionTests test_tower_channel -v
test_checkpoint_hash_checked_before_torch_deserialization (test_selection.SelectionTests.test_checkpoint_hash_checked_before_torch_deserialization) ... ERROR
test_checkpoint_vocabulary_and_source_bindings_and_spawn_roundtrip (test_selection.SelectionTests.test_checkpoint_vocabulary_and_source_bindings_and_spawn_roundtrip) ... ERROR
test_json_calibration_and_config_cannot_supply_authority (test_selection.SelectionTests.test_json_calibration_and_config_cannot_supply_authority) ... ok
test_runtime_refuses_real_taps_for_unadmitted_diagnostic (test_selection.SelectionTests.test_runtime_refuses_real_taps_for_unadmitted_diagnostic) ... ERROR
test_selection_content_change_is_rejected (test_selection.SelectionTests.test_selection_content_change_is_rejected) ... ERROR
test_separate_verifier_required_and_t7_only_claims_refused (test_selection.SelectionTests.test_separate_verifier_required_and_t7_only_claims_refused) ... ERROR
test_unadmitted_vectorized_formal_path_refuses_before_model_load (test_selection.SelectionTests.test_unadmitted_vectorized_formal_path_refuses_before_model_load) ... ERROR
test_bare_boolean_and_wrong_source_identity_or_proof_refuse (test_selection_review.DecoderBindingTests.test_bare_boolean_and_wrong_source_identity_or_proof_refuse) ... FAIL
test_diagnostic_label_and_closure_do_not_claim_admission (test_selection_review.DecoderBindingTests.test_diagnostic_label_and_closure_do_not_claim_admission) ... ERROR
test_scope_covers_only_exact_device_platform_backend_and_torch (test_selection_review.DecoderBindingTests.test_scope_covers_only_exact_device_platform_backend_and_torch) ... ERROR
test_changed_import_closure_is_checked_before_verifier_module_executes (test_selection_review.ExternalTrustTests.test_changed_import_closure_is_checked_before_verifier_module_executes) ... ok
test_policy_rejects_different_entrypoint_before_import (test_selection_review.ExternalTrustTests.test_policy_rejects_different_entrypoint_before_import) ... ok
test_unset_policy_and_changed_external_pin_refuse_before_callback (test_selection_review.ExternalTrustTests.test_unset_policy_and_changed_external_pin_refuse_before_callback) ... FAIL
test_calibration_refuses_malformed_or_unjustified_raw_operation (test_selection_review.ReviewValidationTests.test_calibration_refuses_malformed_or_unjustified_raw_operation) ... ok
test_empty_calibration_requires_explicit_bound_measured_fallback (test_selection_review.ReviewValidationTests.test_empty_calibration_requires_explicit_bound_measured_fallback) ... ERROR
test_event_thresholds_refuse_default_key_and_grid_failures (test_selection_review.ReviewValidationTests.test_event_thresholds_refuse_default_key_and_grid_failures) ... ok
test_selected_event_map_and_calibration_preserved_exactly (test_selection_review.ReviewValidationTests.test_selected_event_map_and_calibration_preserved_exactly) ... ERROR
test_spell_subset_metadata_and_order_refuse_mismatch (test_selection_review.ReviewValidationTests.test_spell_subset_metadata_and_order_refuse_mismatch) ... FAIL
test_decoder_provenance_pins_executable_abi_and_existing_adapter_sources (test_perf_fixes.AdapterTests.test_decoder_provenance_pins_executable_abi_and_existing_adapter_sources) ... ok
test_live_constructor_refuses_missing_selected_threshold_in_both_modes (test_perf_fixes.AdapterTests.test_live_constructor_refuses_missing_selected_threshold_in_both_modes) ... ok
test_threshold_rejects_missing_bool_nonfinite_and_outside_registered_grid (test_perf_fixes.AdapterTests.test_threshold_rejects_missing_bool_nonfinite_and_outside_registered_grid) ... ok
test_vectorized_adapter_is_isolated_and_nonclock_records_equal (test_perf_fixes.AdapterTests.test_vectorized_adapter_is_isolated_and_nonclock_records_equal) ... ok
test_downscaled_allowlist_matches_original_sanitizer (test_runtime.PerceptionTests.test_downscaled_allowlist_matches_original_sanitizer) ... ok
test_v3_fallback_retains_tracker_across_long_gap (test_runtime.PerceptionTests.test_v3_fallback_retains_tracker_across_long_gap) ... ok
test_v4_adapter_canonical_unknowns_and_completion_timestamp (test_runtime.PerceptionTests.test_v4_adapter_canonical_unknowns_and_completion_timestamp) ... ERROR
test_adapter_preserves_raw_body_tracks_and_public_metadata (test_tower_channel.TowerChannelTests.test_adapter_preserves_raw_body_tracks_and_public_metadata) ... ok
test_fixed_slot_identity_and_missing_observations (test_tower_channel.TowerChannelTests.test_fixed_slot_identity_and_missing_observations) ... ok
test_input_rejects_uncalibrated_pixels_and_invalid_evidence (test_tower_channel.TowerChannelTests.test_input_rejects_uncalibrated_pixels_and_invalid_evidence) ... ok
test_model_latches_only_public_destruction_and_ignores_conflicting_body_hp (test_tower_channel.TowerChannelTests.test_model_latches_only_public_destruction_and_ignores_conflicting_body_hp) ... ok
test_packet_adapter_activates_from_channel_and_preserves_legacy_producers (test_tower_channel.TowerChannelTests.test_packet_adapter_activates_from_channel_and_preserves_legacy_producers) ... ok
test_positive_rubble_requires_distinct_consecutive_frames_and_resets (test_tower_channel.TowerChannelTests.test_positive_rubble_requires_distinct_consecutive_frames_and_resets) ... ok
test_serialized_channel_roundtrip_keeps_observation_fields (test_tower_channel.TowerChannelTests.test_serialized_channel_roundtrip_keeps_observation_fields) ... ok
test_transport_rejects_unproven_death_future_time_and_duplicate_slots (test_tower_channel.TowerChannelTests.test_transport_rejects_unproven_death_future_time_and_duplicate_slots) ... ok

======================================================================
ERROR: test_checkpoint_hash_checked_before_torch_deserialization (test_selection.SelectionTests.test_checkpoint_hash_checked_before_torch_deserialization)
----------------------------------------------------------------------
Traceback (most recent call last):
  File "/mpac/sdicks02/jobs/clasher/live-selection-review-20261009-r1/tests/live_v4/test_selection.py", line 82, in test_checkpoint_hash_checked_before_torch_deserialization
    selection, checkpoint = selection_fixture(directory)
                            ^^^^^^^^^^^^^^^^^^^^^^^^^^^^
  File "/mpac/sdicks02/jobs/clasher/live-selection-review-20261009-r1/tests/live_v4/selection_fixtures.py", line 46, in selection_fixture
    return authenticate_selection(source, fixture_verifier, trust_policy=trust_policy_for(fixture_verifier)), checkpoint
           ^^^^^^^^^^^^^^^^^^^^^^^^^^^^^^^^^^^^^^^^^^^^^^^^^^^^^^^^^^^^^^^^^^^^^^^^^^^^^^^^^^^^^^^^^^^^^^^^^
  File "/mpac/sdicks02/jobs/clasher/live-selection-review-20261009-r1/src/clasher/live/selection.py", line 126, in authenticate_selection
    policy.check_callable(verifier)  # Trust pins are external; checked BEFORE invocation.
    ^^^^^^^^^^^^^^^^^^^^^^^^^^^^^^^
  File "/mpac/sdicks02/jobs/clasher/live-selection-review-20261009-r1/src/clasher/live/selection_trust.py", line 56, in check_callable
    self.check(entrypoint)
  File "/mpac/sdicks02/jobs/clasher/live-selection-review-20261009-r1/src/clasher/live/selection_trust.py", line 45, in check
    raise ValueError('Verifier package initializer is not pinned: '+parent)
ValueError: Verifier package initializer is not pinned: clasher.mechanics

======================================================================
ERROR: test_checkpoint_vocabulary_and_source_bindings_and_spawn_roundtrip (test_selection.SelectionTests.test_checkpoint_vocabulary_and_source_bindings_and_spawn_roundtrip)
----------------------------------------------------------------------
Traceback (most recent call last):
  File "/mpac/sdicks02/jobs/clasher/live-selection-review-20261009-r1/tests/live_v4/test_selection.py", line 44, in test_checkpoint_vocabulary_and_source_bindings_and_spawn_roundtrip
    selection, checkpoint = selection_fixture(directory)
                            ^^^^^^^^^^^^^^^^^^^^^^^^^^^^
  File "/mpac/sdicks02/jobs/clasher/live-selection-review-20261009-r1/tests/live_v4/selection_fixtures.py", line 46, in selection_fixture
    return authenticate_selection(source, fixture_verifier, trust_policy=trust_policy_for(fixture_verifier)), checkpoint
           ^^^^^^^^^^^^^^^^^^^^^^^^^^^^^^^^^^^^^^^^^^^^^^^^^^^^^^^^^^^^^^^^^^^^^^^^^^^^^^^^^^^^^^^^^^^^^^^^^
  File "/mpac/sdicks02/jobs/clasher/live-selection-review-20261009-r1/src/clasher/live/selection.py", line 126, in authenticate_selection
    policy.check_callable(verifier)  # Trust pins are external; checked BEFORE invocation.
    ^^^^^^^^^^^^^^^^^^^^^^^^^^^^^^^
  File "/mpac/sdicks02/jobs/clasher/live-selection-review-20261009-r1/src/clasher/live/selection_trust.py", line 56, in check_callable
    self.check(entrypoint)
  File "/mpac/sdicks02/jobs/clasher/live-selection-review-20261009-r1/src/clasher/live/selection_trust.py", line 45, in check
    raise ValueError('Verifier package initializer is not pinned: '+parent)
ValueError: Verifier package initializer is not pinned: clasher.mechanics

======================================================================
ERROR: test_runtime_refuses_real_taps_for_unadmitted_diagnostic (test_selection.SelectionTests.test_runtime_refuses_real_taps_for_unadmitted_diagnostic)
----------------------------------------------------------------------
Traceback (most recent call last):
  File "/mpac/sdicks02/jobs/clasher/live-selection-review-20261009-r1/tests/live_v4/test_selection.py", line 93, in test_runtime_refuses_real_taps_for_unadmitted_diagnostic
    selection, checkpoint = selection_fixture(directory)
                            ^^^^^^^^^^^^^^^^^^^^^^^^^^^^
  File "/mpac/sdicks02/jobs/clasher/live-selection-review-20261009-r1/tests/live_v4/selection_fixtures.py", line 46, in selection_fixture
    return authenticate_selection(source, fixture_verifier, trust_policy=trust_policy_for(fixture_verifier)), checkpoint
           ^^^^^^^^^^^^^^^^^^^^^^^^^^^^^^^^^^^^^^^^^^^^^^^^^^^^^^^^^^^^^^^^^^^^^^^^^^^^^^^^^^^^^^^^^^^^^^^^^
  File "/mpac/sdicks02/jobs/clasher/live-selection-review-20261009-r1/src/clasher/live/selection.py", line 126, in authenticate_selection
    policy.check_callable(verifier)  # Trust pins are external; checked BEFORE invocation.
    ^^^^^^^^^^^^^^^^^^^^^^^^^^^^^^^
  File "/mpac/sdicks02/jobs/clasher/live-selection-review-20261009-r1/src/clasher/live/selection_trust.py", line 56, in check_callable
    self.check(entrypoint)
  File "/mpac/sdicks02/jobs/clasher/live-selection-review-20261009-r1/src/clasher/live/selection_trust.py", line 45, in check
    raise ValueError('Verifier package initializer is not pinned: '+parent)
ValueError: Verifier package initializer is not pinned: clasher.mechanics

======================================================================
ERROR: test_selection_content_change_is_rejected (test_selection.SelectionTests.test_selection_content_change_is_rejected)
----------------------------------------------------------------------
Traceback (most recent call last):
  File "/mpac/sdicks02/jobs/clasher/live-selection-review-20261009-r1/tests/live_v4/test_selection.py", line 64, in test_selection_content_change_is_rejected
    selection, _ = selection_fixture(directory)
                   ^^^^^^^^^^^^^^^^^^^^^^^^^^^^
  File "/mpac/sdicks02/jobs/clasher/live-selection-review-20261009-r1/tests/live_v4/selection_fixtures.py", line 46, in selection_fixture
    return authenticate_selection(source, fixture_verifier, trust_policy=trust_policy_for(fixture_verifier)), checkpoint
           ^^^^^^^^^^^^^^^^^^^^^^^^^^^^^^^^^^^^^^^^^^^^^^^^^^^^^^^^^^^^^^^^^^^^^^^^^^^^^^^^^^^^^^^^^^^^^^^^^
  File "/mpac/sdicks02/jobs/clasher/live-selection-review-20261009-r1/src/clasher/live/selection.py", line 126, in authenticate_selection
    policy.check_callable(verifier)  # Trust pins are external; checked BEFORE invocation.
    ^^^^^^^^^^^^^^^^^^^^^^^^^^^^^^^
  File "/mpac/sdicks02/jobs/clasher/live-selection-review-20261009-r1/src/clasher/live/selection_trust.py", line 56, in check_callable
    self.check(entrypoint)
  File "/mpac/sdicks02/jobs/clasher/live-selection-review-20261009-r1/src/clasher/live/selection_trust.py", line 45, in check
    raise ValueError('Verifier package initializer is not pinned: '+parent)
ValueError: Verifier package initializer is not pinned: clasher.mechanics

======================================================================
ERROR: test_separate_verifier_required_and_t7_only_claims_refused (test_selection.SelectionTests.test_separate_verifier_required_and_t7_only_claims_refused)
----------------------------------------------------------------------
Traceback (most recent call last):
  File "/mpac/sdicks02/jobs/clasher/live-selection-review-20261009-r1/tests/live_v4/test_selection.py", line 27, in test_separate_verifier_required_and_t7_only_claims_refused
    selection, checkpoint = selection_fixture(directory)
                            ^^^^^^^^^^^^^^^^^^^^^^^^^^^^
  File "/mpac/sdicks02/jobs/clasher/live-selection-review-20261009-r1/tests/live_v4/selection_fixtures.py", line 46, in selection_fixture
    return authenticate_selection(source, fixture_verifier, trust_policy=trust_policy_for(fixture_verifier)), checkpoint
           ^^^^^^^^^^^^^^^^^^^^^^^^^^^^^^^^^^^^^^^^^^^^^^^^^^^^^^^^^^^^^^^^^^^^^^^^^^^^^^^^^^^^^^^^^^^^^^^^^
  File "/mpac/sdicks02/jobs/clasher/live-selection-review-20261009-r1/src/clasher/live/selection.py", line 126, in authenticate_selection
    policy.check_callable(verifier)  # Trust pins are external; checked BEFORE invocation.
    ^^^^^^^^^^^^^^^^^^^^^^^^^^^^^^^
  File "/mpac/sdicks02/jobs/clasher/live-selection-review-20261009-r1/src/clasher/live/selection_trust.py", line 56, in check_callable
    self.check(entrypoint)
  File "/mpac/sdicks02/jobs/clasher/live-selection-review-20261009-r1/src/clasher/live/selection_trust.py", line 45, in check
    raise ValueError('Verifier package initializer is not pinned: '+parent)
ValueError: Verifier package initializer is not pinned: clasher.mechanics

======================================================================
ERROR: test_unadmitted_vectorized_formal_path_refuses_before_model_load (test_selection.SelectionTests.test_unadmitted_vectorized_formal_path_refuses_before_model_load)
----------------------------------------------------------------------
Traceback (most recent call last):
  File "/mpac/sdicks02/jobs/clasher/live-selection-review-20261009-r1/tests/live_v4/test_selection.py", line 72, in test_unadmitted_vectorized_formal_path_refuses_before_model_load
    selection, checkpoint = selection_fixture(directory)
                            ^^^^^^^^^^^^^^^^^^^^^^^^^^^^
  File "/mpac/sdicks02/jobs/clasher/live-selection-review-20261009-r1/tests/live_v4/selection_fixtures.py", line 46, in selection_fixture
    return authenticate_selection(source, fixture_verifier, trust_policy=trust_policy_for(fixture_verifier)), checkpoint
           ^^^^^^^^^^^^^^^^^^^^^^^^^^^^^^^^^^^^^^^^^^^^^^^^^^^^^^^^^^^^^^^^^^^^^^^^^^^^^^^^^^^^^^^^^^^^^^^^^
  File "/mpac/sdicks02/jobs/clasher/live-selection-review-20261009-r1/src/clasher/live/selection.py", line 126, in authenticate_selection
    policy.check_callable(verifier)  # Trust pins are external; checked BEFORE invocation.
    ^^^^^^^^^^^^^^^^^^^^^^^^^^^^^^^
  File "/mpac/sdicks02/jobs/clasher/live-selection-review-20261009-r1/src/clasher/live/selection_trust.py", line 56, in check_callable
    self.check(entrypoint)
  File "/mpac/sdicks02/jobs/clasher/live-selection-review-20261009-r1/src/clasher/live/selection_trust.py", line 45, in check
    raise ValueError('Verifier package initializer is not pinned: '+parent)
ValueError: Verifier package initializer is not pinned: clasher.mechanics

======================================================================
ERROR: test_diagnostic_label_and_closure_do_not_claim_admission (test_selection_review.DecoderBindingTests.test_diagnostic_label_and_closure_do_not_claim_admission)
----------------------------------------------------------------------
Traceback (most recent call last):
  File "/mpac/sdicks02/jobs/clasher/live-selection-review-20261009-r1/tests/live_v4/test_selection_review.py", line 148, in test_diagnostic_label_and_closure_do_not_claim_admission
    result = qualify(authenticate(claims, source), dict(vectorized_decoder=True,
                     ^^^^^^^^^^^^^^^^^^^^^^^^^^^^
  File "/mpac/sdicks02/jobs/clasher/live-selection-review-20261009-r1/tests/live_v4/test_selection_review.py", line 21, in authenticate
    return authenticate_selection(source, fixture_verifier, trust_policy=trust_policy_for(fixture_verifier))
           ^^^^^^^^^^^^^^^^^^^^^^^^^^^^^^^^^^^^^^^^^^^^^^^^^^^^^^^^^^^^^^^^^^^^^^^^^^^^^^^^^^^^^^^^^^^^^^^^^
  File "/mpac/sdicks02/jobs/clasher/live-selection-review-20261009-r1/src/clasher/live/selection.py", line 126, in authenticate_selection
    policy.check_callable(verifier)  # Trust pins are external; checked BEFORE invocation.
    ^^^^^^^^^^^^^^^^^^^^^^^^^^^^^^^
  File "/mpac/sdicks02/jobs/clasher/live-selection-review-20261009-r1/src/clasher/live/selection_trust.py", line 56, in check_callable
    self.check(entrypoint)
  File "/mpac/sdicks02/jobs/clasher/live-selection-review-20261009-r1/src/clasher/live/selection_trust.py", line 45, in check
    raise ValueError('Verifier package initializer is not pinned: '+parent)
ValueError: Verifier package initializer is not pinned: clasher.mechanics

======================================================================
ERROR: test_scope_covers_only_exact_device_platform_backend_and_torch (test_selection_review.DecoderBindingTests.test_scope_covers_only_exact_device_platform_backend_and_torch)
----------------------------------------------------------------------
Traceback (most recent call last):
  File "/mpac/sdicks02/jobs/clasher/live-selection-review-20261009-r1/tests/live_v4/test_selection_review.py", line 132, in test_scope_covers_only_exact_device_platform_backend_and_torch
    selection = authenticate(claims, source)
                ^^^^^^^^^^^^^^^^^^^^^^^^^^^^
  File "/mpac/sdicks02/jobs/clasher/live-selection-review-20261009-r1/tests/live_v4/test_selection_review.py", line 21, in authenticate
    return authenticate_selection(source, fixture_verifier, trust_policy=trust_policy_for(fixture_verifier))
           ^^^^^^^^^^^^^^^^^^^^^^^^^^^^^^^^^^^^^^^^^^^^^^^^^^^^^^^^^^^^^^^^^^^^^^^^^^^^^^^^^^^^^^^^^^^^^^^^^
  File "/mpac/sdicks02/jobs/clasher/live-selection-review-20261009-r1/src/clasher/live/selection.py", line 126, in authenticate_selection
    policy.check_callable(verifier)  # Trust pins are external; checked BEFORE invocation.
    ^^^^^^^^^^^^^^^^^^^^^^^^^^^^^^^
  File "/mpac/sdicks02/jobs/clasher/live-selection-review-20261009-r1/src/clasher/live/selection_trust.py", line 56, in check_callable
    self.check(entrypoint)
  File "/mpac/sdicks02/jobs/clasher/live-selection-review-20261009-r1/src/clasher/live/selection_trust.py", line 45, in check
    raise ValueError('Verifier package initializer is not pinned: '+parent)
ValueError: Verifier package initializer is not pinned: clasher.mechanics

======================================================================
ERROR: test_empty_calibration_requires_explicit_bound_measured_fallback (test_selection_review.ReviewValidationTests.test_empty_calibration_requires_explicit_bound_measured_fallback)
----------------------------------------------------------------------
Traceback (most recent call last):
  File "/mpac/sdicks02/jobs/clasher/live-selection-review-20261009-r1/tests/live_v4/test_selection_review.py", line 107, in test_empty_calibration_requires_explicit_bound_measured_fallback
    selection = authenticate(claims, source)
                ^^^^^^^^^^^^^^^^^^^^^^^^^^^^
  File "/mpac/sdicks02/jobs/clasher/live-selection-review-20261009-r1/tests/live_v4/test_selection_review.py", line 21, in authenticate
    return authenticate_selection(source, fixture_verifier, trust_policy=trust_policy_for(fixture_verifier))
           ^^^^^^^^^^^^^^^^^^^^^^^^^^^^^^^^^^^^^^^^^^^^^^^^^^^^^^^^^^^^^^^^^^^^^^^^^^^^^^^^^^^^^^^^^^^^^^^^^
  File "/mpac/sdicks02/jobs/clasher/live-selection-review-20261009-r1/src/clasher/live/selection.py", line 126, in authenticate_selection
    policy.check_callable(verifier)  # Trust pins are external; checked BEFORE invocation.
    ^^^^^^^^^^^^^^^^^^^^^^^^^^^^^^^
  File "/mpac/sdicks02/jobs/clasher/live-selection-review-20261009-r1/src/clasher/live/selection_trust.py", line 56, in check_callable
    self.check(entrypoint)
  File "/mpac/sdicks02/jobs/clasher/live-selection-review-20261009-r1/src/clasher/live/selection_trust.py", line 45, in check
    raise ValueError('Verifier package initializer is not pinned: '+parent)
ValueError: Verifier package initializer is not pinned: clasher.mechanics

======================================================================
ERROR: test_selected_event_map_and_calibration_preserved_exactly (test_selection_review.ReviewValidationTests.test_selected_event_map_and_calibration_preserved_exactly)
----------------------------------------------------------------------
Traceback (most recent call last):
  File "/mpac/sdicks02/jobs/clasher/live-selection-review-20261009-r1/tests/live_v4/test_selection_review.py", line 58, in test_selected_event_map_and_calibration_preserved_exactly
    selection = authenticate(claims, source)
                ^^^^^^^^^^^^^^^^^^^^^^^^^^^^
  File "/mpac/sdicks02/jobs/clasher/live-selection-review-20261009-r1/tests/live_v4/test_selection_review.py", line 21, in authenticate
    return authenticate_selection(source, fixture_verifier, trust_policy=trust_policy_for(fixture_verifier))
           ^^^^^^^^^^^^^^^^^^^^^^^^^^^^^^^^^^^^^^^^^^^^^^^^^^^^^^^^^^^^^^^^^^^^^^^^^^^^^^^^^^^^^^^^^^^^^^^^^
  File "/mpac/sdicks02/jobs/clasher/live-selection-review-20261009-r1/src/clasher/live/selection.py", line 126, in authenticate_selection
    policy.check_callable(verifier)  # Trust pins are external; checked BEFORE invocation.
    ^^^^^^^^^^^^^^^^^^^^^^^^^^^^^^^
  File "/mpac/sdicks02/jobs/clasher/live-selection-review-20261009-r1/src/clasher/live/selection_trust.py", line 56, in check_callable
    self.check(entrypoint)
  File "/mpac/sdicks02/jobs/clasher/live-selection-review-20261009-r1/src/clasher/live/selection_trust.py", line 45, in check
    raise ValueError('Verifier package initializer is not pinned: '+parent)
ValueError: Verifier package initializer is not pinned: clasher.mechanics

======================================================================
ERROR: test_v4_adapter_canonical_unknowns_and_completion_timestamp (test_runtime.PerceptionTests.test_v4_adapter_canonical_unknowns_and_completion_timestamp)
----------------------------------------------------------------------
Traceback (most recent call last):
  File "/mpac/sdicks02/jobs/clasher/live-selection-review-20261009-r1/tests/live_v4/test_runtime.py", line 344, in test_v4_adapter_canonical_unknowns_and_completion_timestamp
    selection, checkpoint = selection_fixture(folder, cards=DECK)
                            ^^^^^^^^^^^^^^^^^^^^^^^^^^^^^^^^^^^^^
  File "/mpac/sdicks02/jobs/clasher/live-selection-review-20261009-r1/tests/live_v4/selection_fixtures.py", line 46, in selection_fixture
    return authenticate_selection(source, fixture_verifier, trust_policy=trust_policy_for(fixture_verifier)), checkpoint
           ^^^^^^^^^^^^^^^^^^^^^^^^^^^^^^^^^^^^^^^^^^^^^^^^^^^^^^^^^^^^^^^^^^^^^^^^^^^^^^^^^^^^^^^^^^^^^^^^^
  File "/mpac/sdicks02/jobs/clasher/live-selection-review-20261009-r1/src/clasher/live/selection.py", line 126, in authenticate_selection
    policy.check_callable(verifier)  # Trust pins are external; checked BEFORE invocation.
    ^^^^^^^^^^^^^^^^^^^^^^^^^^^^^^^
  File "/mpac/sdicks02/jobs/clasher/live-selection-review-20261009-r1/src/clasher/live/selection_trust.py", line 56, in check_callable
    self.check(entrypoint)
  File "/mpac/sdicks02/jobs/clasher/live-selection-review-20261009-r1/src/clasher/live/selection_trust.py", line 45, in check
    raise ValueError('Verifier package initializer is not pinned: '+parent)
ValueError: Verifier package initializer is not pinned: clasher.mechanics

======================================================================
FAIL: test_bare_boolean_and_wrong_source_identity_or_proof_refuse (test_selection_review.DecoderBindingTests.test_bare_boolean_and_wrong_source_identity_or_proof_refuse)
----------------------------------------------------------------------
ValueError: Verifier package initializer is not pinned: clasher.mechanics

During handling of the above exception, another exception occurred:

Traceback (most recent call last):
  File "/mpac/sdicks02/jobs/clasher/live-selection-review-20261009-r1/tests/live_v4/test_selection_review.py", line 116, in test_bare_boolean_and_wrong_source_identity_or_proof_refuse
    with self.assertRaisesRegex(ValueError, 'Bare decoder_admitted'):
         ^^^^^^^^^^^^^^^^^^^^^^^^^^^^^^^^^^^^^^^^^^^^^^^^^^^^^^^^^^^
AssertionError: "Bare decoder_admitted" does not match "Verifier package initializer is not pinned: clasher.mechanics"

======================================================================
FAIL: test_unset_policy_and_changed_external_pin_refuse_before_callback (test_selection_review.ExternalTrustTests.test_unset_policy_and_changed_external_pin_refuse_before_callback)
----------------------------------------------------------------------
ValueError: Verifier package initializer is not pinned: clasher.mechanics

During handling of the above exception, another exception occurred:

Traceback (most recent call last):
  File "/mpac/sdicks02/jobs/clasher/live-selection-review-20261009-r1/tests/live_v4/test_selection_review.py", line 166, in test_unset_policy_and_changed_external_pin_refuse_before_callback
    with self.assertRaisesRegex(ValueError, 'before invocation'):
         ^^^^^^^^^^^^^^^^^^^^^^^^^^^^^^^^^^^^^^^^^^^^^^^^^^^^^^^
AssertionError: "before invocation" does not match "Verifier package initializer is not pinned: clasher.mechanics"

======================================================================
FAIL: test_spell_subset_metadata_and_order_refuse_mismatch (test_selection_review.ReviewValidationTests.test_spell_subset_metadata_and_order_refuse_mismatch)
----------------------------------------------------------------------
ValueError: Verifier package initializer is not pinned: clasher.mechanics

During handling of the above exception, another exception occurred:

Traceback (most recent call last):
  File "/mpac/sdicks02/jobs/clasher/live-selection-review-20261009-r1/tests/live_v4/test_selection_review.py", line 73, in test_spell_subset_metadata_and_order_refuse_mismatch
    with self.assertRaisesRegex(ValueError, 'Spell subset/order'):
         ^^^^^^^^^^^^^^^^^^^^^^^^^^^^^^^^^^^^^^^^^^^^^^^^^^^^^^^^
AssertionError: "Spell subset/order" does not match "Verifier package initializer is not pinned: clasher.mechanics"

----------------------------------------------------------------------
Ran 33 tests in 7.366s

FAILED (failures=3, errors=11)
DECODER_PROVENANCE {"hashes": {"/mpac/sdicks02/jobs/clasher/live-selection-review-20261009-r1/src/clasher/vision/l1_v4.py": "cad13d4f958757dbb9f38732f19d73423149b9dffcc34e3c41bb7376f87e9fef", "/mpac/sdicks02/jobs/clasher/live-selection-review-20261009-r1/reports/strategy_council_20260928/live-loop/v4/l1/decoder_records_v4.py": "1912bf1228d1805768cc51b7555459e7ceb9f4e478938705db352eb4686e30d9", "/mpac/sdicks02/jobs/clasher/live-selection-review-20261009-r1/reports/strategy_council_20260928/live-loop/v4/l1/vectorized_decoder_v4.py": "4df61ab0d599774261087bb9c233edbb7fa0a64e27425c69970a0a9149c4ebef", "/mpac/sdicks02/jobs/clasher/live-selection-review-20261009-r1/reports/strategy_council_20260928/live-loop/v4/l1/vectorized_runtime_adapter_v4.py": "824531888487961211f0261786c9b4bc8339a5587bebe78b849bd082b250d220"}, "reference_untouched": true}
Command exited with non-zero status 1
	Command being timed: "env CLASHER_ROOT=/mpac/sdicks02/jobs/clasher/live-selection-review-20261009-r1 PYTHONPATH=/mpac/sdicks02/jobs/clasher/live-selection-review-20261009-r1/src:/mpac/sdicks02/jobs/clasher/live-selection-review-20261009-r1/engine-rs:/mpac/sdicks02/jobs/clasher/live-selection-review-20261009-r1/tests/live_v4 CUDA_VISIBLE_DEVICES= RAYON_NUM_THREADS=1 OMP_NUM_THREADS=1 MKL_NUM_THREADS=1 nice -n 19 /mpac/sdicks02/envs/clasher-gpu/bin/python -B -m unittest test_selection test_selection_review test_perf_fixes.AdapterTests test_runtime.PerceptionTests test_tower_channel -v"
	User time (seconds): 4.90
	System time (seconds): 1.68
	Percent of CPU this job got: 77%
	Elapsed (wall clock) time (h:mm:ss or m:ss): 0:08.55
	Average shared text size (kbytes): 0
	Average unshared data size (kbytes): 0
	Average stack size (kbytes): 0
	Average total size (kbytes): 0
	Maximum resident set size (kbytes): 609428
	Average resident set size (kbytes): 0
	Major (requiring I/O) page faults: 3622
	Minor (reclaiming a frame) page faults: 228957
	Voluntary context switches: 5235
	Involuntary context switches: 5141
	Swaps: 0
	File system inputs: 763976
	File system outputs: 1456
	Socket messages sent: 0
	Socket messages received: 0
	Signals delivered: 0
	Page size (bytes): 4096
	Exit status: 1
2026-10-09T02:28:14Z
