	Command being timed: "/home/ubuntu/.local/bin/uv run --frozen --python 3.12 python -m scripts.validate_simple_full_matches --decks-path training_decks/simple_gym_supported_v1.json --device cuda --cuda-graph --policy noop --policy first-legal --replays 2 --seed 202608263 --regulation-ticks 3600 --tiebreak-ticks 6000 --max-entities 128 --max-effects 128 --out reports/simple_gym_cuda_full_validation_20260826.json"
	User time (seconds): 398.23
	System time (seconds): 1.44
	Percent of CPU this job got: 100%
	Elapsed (wall clock) time (h:mm:ss or m:ss): 6:38.88
	Average shared text size (kbytes): 0
	Average unshared data size (kbytes): 0
	Average stack size (kbytes): 0
	Average total size (kbytes): 0
	Maximum resident set size (kbytes): 1611772
	Average resident set size (kbytes): 0
	Major (requiring I/O) page faults: 25
	Minor (reclaiming a frame) page faults: 449516
	Voluntary context switches: 4851
	Involuntary context switches: 882
	Swaps: 0
	File system inputs: 8424
	File system outputs: 21432
	Socket messages sent: 0
	Socket messages received: 0
	Signals delivered: 0
	Page size (bytes): 4096
	Exit status: 0
