usage: eval_playgate_fixed.py [-h] [--checkpoint CHECKPOINT]
                              [--checkpoint-dir CHECKPOINT_DIR]
                              [--opponent {random,noop,strategy,policy}]
                              [--opponent-strategy {bridge-pressure,slow-push,spell-control,reactive-defense,split-lane,balanced}]
                              [--opponent-checkpoint OPPONENT_CHECKPOINT]
                              [--decks-path DECKS_PATH]
                              [--sampling-decks-path SAMPLING_DECKS_PATH]
                              [--candidate-sampling-decks-path CANDIDATE_SAMPLING_DECKS_PATH]
                              [--opponent-sampling-decks-path OPPONENT_SAMPLING_DECKS_PATH]
                              [--games GAMES] [--mirror-match] [--seed SEED]
                              [--decision-interval DECISION_INTERVAL]
                              [--max-ticks MAX_TICKS]
                              [--device {auto,cpu,mps,cuda}]
                              [--torch-threads TORCH_THREADS]
                              [--reward-profile {objective-v1,defense-v2,defense-v3}]
                              [--candidate-defense-strategy {bridge-pressure,slow-push,spell-control,reactive-defense,split-lane,balanced}]
                              [--candidate-defense-threshold CANDIDATE_DEFENSE_THRESHOLD]
                              [--candidate-defense-require-lead]
                              [--location-lookahead-top-k LOCATION_LOOKAHEAD_TOP_K]
                              [--location-lookahead-horizon LOCATION_LOOKAHEAD_HORIZON]
                              [--location-lookahead-prior-weight LOCATION_LOOKAHEAD_PRIOR_WEIGHT]
                              [--location-lookahead-min-value-gain LOCATION_LOOKAHEAD_MIN_VALUE_GAIN]
                              [--json-out JSON_OUT]
                              [--games-json-out GAMES_JSON_OUT]
                              [--decisions-json-out DECISIONS_JSON_OUT]
                              [--decision-trace-game DECISION_TRACE_GAME]
                              [--stochastic] [--quiet-engine]
                              [--no-quiet-engine]
eval_playgate_fixed.py: error: argument --seed: invalid int value: ''
